Microchip MPLAB XC8 Compiler V2.32

Linker command line:

-W-3 --edf=C:\Program Files\Microchip\xc8\v2.32\pic\dat\en_msgs.txt \
  -pivt0x8=08h -cn -h+dist/default/production\Ejemplo1.X.production.sym \
  --cmf=dist/default/production\Ejemplo1.X.production.cmf -z -Q18F57Q43 \
  -oC:\Users\HP\AppData\Local\Temp\xcAsu0k.4 --defsym=__MPLAB_BUILD=1 \
  -Mdist/default/production/Ejemplo1.X.production.map -E1 -ver=XC8 Compiler \
  --acfsm=1493 -ASTACK=0684h-025FFh -pstack=STACK -ACODE=00h-01FFFFh \
  -ACONST=00h-01FFFFh -ASMALLCONST=02600h-026FFhx474 \
  -AMEDIUMCONST=02600h-0FFFFh,012600h-01FFFFh -ACOMRAM=0501h-055Fh \
  -AABS1=0500h-025FFh -ABIGRAM=0501h-025FFh \
  -ARAM=0560h-05FFh,0600h-06FFhx32 -ABANK5=0560h-05FFh -ABANK6=0600h-06FFh \
  -ABANK7=0700h-07FFh -ABANK8=0800h-08FFh -ABANK9=0900h-09FFh \
  -ABANK10=0A00h-0AFFh -ABANK11=0B00h-0BFFh -ABANK12=0C00h-0CFFh \
  -ABANK13=0D00h-0DFFh -ABANK14=0E00h-0EFFh -ABANK15=0F00h-0FFFh \
  -ABANK16=01000h-010FFh -ABANK17=01100h-011FFh -ABANK18=01200h-012FFh \
  -ABANK19=01300h-013FFh -ABANK20=01400h-014FFh -ABANK21=01500h-015FFh \
  -ABANK22=01600h-016FFh -ABANK23=01700h-017FFh -ABANK24=01800h-018FFh \
  -ABANK25=01900h-019FFh -ABANK26=01A00h-01AFFh -ABANK27=01B00h-01BFFh \
  -ABANK28=01C00h-01CFFh -ABANK29=01D00h-01DFFh -ABANK30=01E00h-01EFFh \
  -ABANK31=01F00h-01FFFh -ABANK32=02000h-020FFh -ABANK33=02100h-021FFh \
  -ABANK34=02200h-022FFh -ABANK35=02300h-023FFh -ABANK36=02400h-024FFh \
  -ABANK37=02500h-025FFh -ASFR=00h-0FFhx4,0400h-045Fh,0460h-04FFh \
  -ACONFIG=0300000h-0300011h -AIDLOC=0200000h-020001Fh \
  -AEEDATA=0380000h-03803FFh -peeprom_data=EEDATA -preset_vec=00h \
  -ppowerup=CODE,init -pramtop=02600h -psmallconst=SMALLCONST \
  -pmediumconst=MEDIUMCONST -pconst=CONST -AFARRAM=00h-00h \
  -prdata=COMRAM,nvrram=COMRAM,nvbit=COMRAM,rbss=COMRAM,rbit=COMRAM \
  -pfarbss=FARRAM,fardata=FARRAM,nvFARRAM=FARRAM \
  -pintsave_regs=BIGRAM,bigbss=BIGRAM,bigdata=BIGRAM -pbss=RAM \
  -pidata=CODE,irdata=CODE,ibigdata=CODE,ifardata=CODE -prparam=COMRAM \
  C:\Users\HP\AppData\Local\Temp\xcAsu0k.o \
  dist/default/production\Ejemplo1.X.production.o 

Object code version is 3.11

Machine type is 18F57Q43



                Name                               Link     Load   Length Selector   Space Scale
C:\Users\HP\AppData\Local\Temp\xcAsu0k.o
                idloc                            200000   200000       20        0       5
                config                           300000   300000        A        0       4
                init                                 1A       1A        4        4       0
                reset_vec                             0        0        4        0       0
dist/default/production\Ejemplo1.X.production.o
                idloc                            200000   200000       20        0       5
                config                           300000   300000        A        0       4
                smallconst                         2600     2600       24     1300       0
                ivt0x8                                8        8       12        4       0
                text51                             52B2     52B2       32     1312       0
                text50                             52E4     52E4       2C     1312       0
                text49                             54D2     54D2        6     1312       0
                text48                             54DE     54DE        2     1312       0
                text47                             54DC     54DC        2     1312       0
                text46                             4B48     4B48       C8     1312       0
                text45                             46B0     46B0      106     1312       0
                text44                             3C4C     3C4C      39A     1312       0
                text43                             4CBC     4CBC       AA     1312       0
                text42                             47B6     47B6      104     1312       0
                text41                             37FE     37FE      44E     1312       0
                text40                             527A     527A       38     1312       0
                text39                             4F76     4F76       6A     1312       0
                text38                             5310     5310       2A     1312       0
                text37                             43C6     43C6      1B4     1312       0
                text36                             5242     5242       38     1312       0
                text35                             50FA     50FA       52     1312       0
                text34                             4E9C     4E9C       70     1312       0
                text33                             53CE     53CE       22     1312       0
                text32                             520A     520A       38     1312       0
                text31                             5040     5040       5E     1312       0
                text30                             2624     2624     11DA     1312       0
                text29                             5362     5362       26     1312       0
                text28                             457A     457A      136     1312       0
                text27                             53F0     53F0       20     1312       0
                text26                             547A     547A       12     1312       0
                text25                             509E     509E       5C     1312       0
                text24                             54D8     54D8        4     1312       0
                text23                             542C     542C       1C     1312       0
                text22                             4C10     4C10       AC     1312       0
                text21                             5388     5388       24     1312       0
                text20                             5462     5462       18     1312       0
                text19                             5410     5410       1C     1312       0
                text18                             54C4     54C4        E     1312       0
                text17                             54B6     54B6        E     1312       0
                text16                             54A8     54A8        E     1312       0
                text15                             549A     549A        E     1312       0
                text14                             4D66     4D66       9E     1312       0
                text13                             53AC     53AC       22     1312       0
                text12                             48BA     48BA       F2     1312       0
                text11                             49AC     49AC       D2     1312       0
                text10                             5448     5448       1A     1312       0
                text9                              548C     548C        E     1312       0
                text8                              4E04     4E04       98     1312       0
                text7                              514C     514C       48     1312       0
                text6                              5194     5194       3E     1312       0
                text5                              4A7E     4A7E       CA     1312       0
                text4                              3FE6     3FE6      206     1312       0
                text3                              41EC     41EC      1DA     1312       0
                text2                              4F0C     4F0C       6A     1312       0
                text1                              533A     533A       28     1312       0
                text0                              4FE0     4FE0       60     1312       0
                cstackCOMRAM                        501      501       51      501       1
                cstackBANK5                         560      560       61      560       1
                bssBANK6                            600      600       84      600       1
                bssBANK5                            5C1      5C1       1A      560       1
                bssCOMRAM                           552      552        7      501       1
                cinit                              51D2     51D2       38     1312       0
                nvBANK5                             5DB      5DB        9      560       1
                nvCOMRAM                            559      559        3      501       1

TOTAL           Name                               Link     Load   Length     Space
        CLASS   STACK          

        CLASS   CODE           
                init                                 1A       1A        4         0
                reset_vec                             0        0        4         0
                ivt0x8                                8        8       12         0
                text51                             52B2     52B2       32         0
                text50                             52E4     52E4       2C         0
                text49                             54D2     54D2        6         0
                text48                             54DE     54DE        2         0
                text47                             54DC     54DC        2         0
                text46                             4B48     4B48       C8         0
                text45                             46B0     46B0      106         0
                text44                             3C4C     3C4C      39A         0
                text43                             4CBC     4CBC       AA         0
                text42                             47B6     47B6      104         0
                text41                             37FE     37FE      44E         0
                text40                             527A     527A       38         0
                text39                             4F76     4F76       6A         0
                text38                             5310     5310       2A         0
                text37                             43C6     43C6      1B4         0
                text36                             5242     5242       38         0
                text35                             50FA     50FA       52         0
                text34                             4E9C     4E9C       70         0
                text33                             53CE     53CE       22         0
                text32                             520A     520A       38         0
                text31                             5040     5040       5E         0
                text30                             2624     2624     11DA         0
                text29                             5362     5362       26         0
                text28                             457A     457A      136         0
                text27                             53F0     53F0       20         0
                text26                             547A     547A       12         0
                text25                             509E     509E       5C         0
                text24                             54D8     54D8        4         0
                text23                             542C     542C       1C         0
                text22                             4C10     4C10       AC         0
                text21                             5388     5388       24         0
                text20                             5462     5462       18         0
                text19                             5410     5410       1C         0
                text18                             54C4     54C4        E         0
                text17                             54B6     54B6        E         0
                text16                             54A8     54A8        E         0
                text15                             549A     549A        E         0
                text14                             4D66     4D66       9E         0
                text13                             53AC     53AC       22         0
                text12                             48BA     48BA       F2         0
                text11                             49AC     49AC       D2         0
                text10                             5448     5448       1A         0
                text9                              548C     548C        E         0
                text8                              4E04     4E04       98         0
                text7                              514C     514C       48         0
                text6                              5194     5194       3E         0
                text5                              4A7E     4A7E       CA         0
                text4                              3FE6     3FE6      206         0
                text3                              41EC     41EC      1DA         0
                text2                              4F0C     4F0C       6A         0
                text1                              533A     533A       28         0
                text0                              4FE0     4FE0       60         0
                cinit                              51D2     51D2       38         0

        CLASS   CONST          

        CLASS   SMALLCONST     
                smallconst                         2600     2600       24         0

        CLASS   MEDIUMCONST    

        CLASS   COMRAM         
                cstackCOMRAM                        501      501       51         1
                bssCOMRAM                           552      552        7         1
                nvCOMRAM                            559      559        3         1

        CLASS   ABS1           

        CLASS   BIGRAM         

        CLASS   RAM            

        CLASS   BANK5          
                cstackBANK5                         560      560       61         1
                bssBANK5                            5C1      5C1       1A         1
                nvBANK5                             5DB      5DB        9         1

        CLASS   BANK6          
                bssBANK6                            600      600       84         1

        CLASS   BANK7          

        CLASS   BANK8          

        CLASS   BANK9          

        CLASS   BANK10         

        CLASS   BANK11         

        CLASS   BANK12         

        CLASS   BANK13         

        CLASS   BANK14         

        CLASS   BANK15         

        CLASS   BANK16         

        CLASS   BANK17         

        CLASS   BANK18         

        CLASS   BANK19         

        CLASS   BANK20         

        CLASS   BANK21         

        CLASS   BANK22         

        CLASS   BANK23         

        CLASS   BANK24         

        CLASS   BANK25         

        CLASS   BANK26         

        CLASS   BANK27         

        CLASS   BANK28         

        CLASS   BANK29         

        CLASS   BANK30         

        CLASS   BANK31         

        CLASS   BANK32         

        CLASS   BANK33         

        CLASS   BANK34         

        CLASS   BANK35         

        CLASS   BANK36         

        CLASS   BANK37         

        CLASS   SFR            

        CLASS   CONFIG         
                config                           300000   300000        A         4

        CLASS   IDLOC          
                idloc                            200000   200000       20         5

        CLASS   EEDATA         

        CLASS   FARRAM         



SEGMENTS        Name                           Load    Length   Top    Selector   Space  Class

                reset_vec                      000000  000004  000004         0       0  CODE    
                ivt0x8                         000008  000016  00001E         4       0  CODE    
                cstackCOMRAM                   000501  00005B  00055C       501       1  COMRAM  
                cstackBANK5                    000560  000084  0005E4       560       1  BANK5   
                bssBANK6                       000600  000084  000684       600       1  BANK6   
                smallconst                     002600  000024  002624      1300       0  SMALLCON
                text30                         002624  002EBC  0054E0      1312       0  CODE    


UNUSED ADDRESS RANGES

        Name                Unused          Largest block    Delta
        BANK10           000A00-000AFF              100
        BANK11           000B00-000BFF              100
        BANK12           000C00-000CFF              100
        BANK13           000D00-000DFF              100
        BANK14           000E00-000EFF              100
        BANK15           000F00-000FFF              100
        BANK16           001000-0010FF              100
        BANK17           001100-0011FF              100
        BANK18           001200-0012FF              100
        BANK19           001300-0013FF              100
        BANK20           001400-0014FF              100
        BANK21           001500-0015FF              100
        BANK22           001600-0016FF              100
        BANK23           001700-0017FF              100
        BANK24           001800-0018FF              100
        BANK25           001900-0019FF              100
        BANK26           001A00-001AFF              100
        BANK27           001B00-001BFF              100
        BANK28           001C00-001CFF              100
        BANK29           001D00-001DFF              100
        BANK30           001E00-001EFF              100
        BANK31           001F00-001FFF              100
        BANK32           002000-0020FF              100
        BANK33           002100-0021FF              100
        BANK34           002200-0022FF              100
        BANK35           002300-0023FF              100
        BANK36           002400-0024FF              100
        BANK37           002500-0025FF              100
        BANK5            0005E4-0005FF               1C
        BANK6            000684-0006FF               7C
        BANK7            000700-0007FF              100
        BANK8            000800-0008FF              100
        BANK9            000900-0009FF              100
        BIGRAM           00055C-00055F                4
                         0005E4-0005FF               1C
                         000684-0025FF             1F7C
        CODE             000004-000007                4
                         00001E-0025FF             25E2
                         0054E0-01FFFF            1AB20
        COMRAM           00055C-00055F                4
        CONFIG           30000A-300011                8
        CONST            000004-000007                4
                         00001E-0025FF             25E2
                         0054E0-01FFFF            1AB20
        EEDATA           380000-3803FF              400
        MEDIUMCONST      0054E0-00FFFF             AB20
                         012600-01FFFF             DA00
        RAM              0005E4-0005FF               1C
                         000684-0025FF              100
        SFR              000000-0004FF              100
        SMALLCONST       0054E0-01FFFF              100
        STACK            000684-0025FF             1F7C

                                  Symbol Table

?_ADCC_GetConversionResult                    cstackBANK5  000560
?___fldiv                                     cstackCOMRAM 000501
?___flmul                                     cstackCOMRAM 000501
?___flneg                                     cstackCOMRAM 000501
?___fltol                                     cstackCOMRAM 000544
?___lmul                                      cstackCOMRAM 000501
?___lodiv                                     cstackBANK5  000560
?___lomod                                     cstackBANK5  000560
?___wmul                                      cstackCOMRAM 000501
?___xxtofl                                    cstackCOMRAM 000501
?_atof                                        cstackCOMRAM 000540
?_isdigit                                     cstackCOMRAM 000501
?_islower                                     cstackCOMRAM 000501
?_isspace                                     cstackCOMRAM 000501
?_isxdigit                                    cstackCOMRAM 000501
?_nanf                                        cstackCOMRAM 000501
?_pad                                         cstackBANK5  000572
?_printf                                      cstackBANK5  0005B7
?_strlen                                      cstackBANK5  000560
?_strtof                                      cstackCOMRAM 00051A
?_toupper                                     cstackCOMRAM 000507
?_utoa                                        cstackBANK5  00057D
?_vfpfcnvrt                                   cstackBANK5  00059D
?_vfprintf                                    cstackBANK5  0005AF
ADCC_StartConversion@channel                  cstackBANK5  000560
IVTBASEH                                      (abs)        00045E
IVTBASEL                                      (abs)        00045D
IVTBASEU                                      (abs)        00045F
PWM1_LoadDutyValue@dutyValue                  cstackCOMRAM 000501
UART1_SetErrorHandler@interruptHandler        cstackBANK5  000560
UART1_SetFramingErrorHandler@interruptHandler cstackBANK5  000560
UART1_SetOverrunErrorHandler@interruptHandler cstackBANK5  000560
UART1_SetRxInterruptHandler@InterruptHandler  cstackBANK5  000560
UART1_Write@txData                            cstackBANK5  000560
_ACTCON                                       (abs)        0000AC
_ADACCH                                       (abs)        0003E4
_ADACCL                                       (abs)        0003E3
_ADACCU                                       (abs)        0003E5
_ADACQH                                       (abs)        0003EF
_ADACQL                                       (abs)        0003EE
_ADACT                                        (abs)        0003F9
_ADCAP                                        (abs)        0003F0
_ADCC_GetConversionResult                     text27       0053F0
_ADCC_Initialize                              text25       00509E
_ADCC_StartConversion                         text26       00547A
_ADCLK                                        (abs)        0003FA
_ADCNT                                        (abs)        0003E6
_ADCON0                                       (abs)        0003F3
_ADCON0bits                                   (abs)        0003F3
_ADCON1                                       (abs)        0003F4
_ADCON1bits                                   (abs)        0003F4
_ADCON2                                       (abs)        0003F5
_ADCON2bits                                   (abs)        0003F5
_ADCON3                                       (abs)        0003F6
_ADCON3bits                                   (abs)        0003F6
_ADERRH                                       (abs)        0003DE
_ADERRL                                       (abs)        0003DD
_ADFLTRH                                      (abs)        0003E2
_ADFLTRL                                      (abs)        0003E1
_ADLTHH                                       (abs)        0003DA
_ADLTHL                                       (abs)        0003D9
_ADPCH                                        (abs)        0003EC
_ADPREH                                       (abs)        0003F2
_ADPREL                                       (abs)        0003F1
_ADPREVH                                      (abs)        0003E9
_ADPREVL                                      (abs)        0003E8
_ADREF                                        (abs)        0003F8
_ADRESH                                       (abs)        0003EB
_ADRESL                                       (abs)        0003EA
_ADRPT                                        (abs)        0003E7
_ADSTAT                                       (abs)        0003F7
_ADSTATbits                                   (abs)        0003F7
_ADSTPTH                                      (abs)        0003E0
_ADSTPTL                                      (abs)        0003DF
_ADUTHH                                       (abs)        0003DC
_ADUTHL                                       (abs)        0003DB
_ANSELA                                       (abs)        000400
_ANSELB                                       (abs)        000408
_ANSELC                                       (abs)        000410
_ANSELD                                       (abs)        000418
_ANSELE                                       (abs)        000420
_ANSELF                                       (abs)        000428
_CCP1CON                                      (abs)        000342
_CCP1CONbits                                  (abs)        000342
_CCPR1H                                       (abs)        000341
_CCPR1L                                       (abs)        000340
_CCPTMRS0bits                                 (abs)        00034C
_INLVLA                                       (abs)        000404
_INLVLB                                       (abs)        00040C
_INLVLC                                       (abs)        000414
_INLVLD                                       (abs)        00041C
_INLVLE                                       (abs)        000424
_INLVLF                                       (abs)        00042C
_INTCON0bits                                  (abs)        0004D6
_INTERRUPT_Initialize                         text24       0054D8
_INTERRUPT_InterruptManager                   text28       00457A
_LATA                                         (abs)        0004BE
_LATB                                         (abs)        0004BF
_LATC                                         (abs)        0004C0
_LATD                                         (abs)        0004C1
_LATE                                         (abs)        0004C2
_LATF                                         (abs)        0004C3
_LATFbits                                     (abs)        0004C3
_ODCONA                                       (abs)        000402
_ODCONB                                       (abs)        00040A
_ODCONC                                       (abs)        000412
_ODCOND                                       (abs)        00041A
_ODCONE                                       (abs)        000422
_ODCONF                                       (abs)        00042A
_OSCCON1                                      (abs)        0000AD
_OSCCON3                                      (abs)        0000AF
_OSCEN                                        (abs)        0000B3
_OSCFRQ                                       (abs)        0000B1
_OSCILLATOR_Initialize                        text23       00542C
_OSCTUNE                                      (abs)        0000B0
_PIE4bits                                     (abs)        0004A2
_PIN_MANAGER_Initialize                       text22       004C10
_PIR3bits                                     (abs)        0004B1
_PIR4bits                                     (abs)        0004B2
_PMD0                                         (abs)        000060
_PMD1                                         (abs)        000061
_PMD3                                         (abs)        000063
_PMD4                                         (abs)        000064
_PMD5                                         (abs)        000065
_PMD6                                         (abs)        000066
_PMD7                                         (abs)        000067
_PMD8                                         (abs)        000068
_PMD_Initialize                               text21       005388
_PR2                                          (abs)        000323
_PWM1_Initialize                              text20       005462
_PWM1_LoadDutyValue                           text51       0052B2
_RB1I2C                                       (abs)        000289
_RB2I2C                                       (abs)        000288
_RC3I2C                                       (abs)        000287
_RC4I2C                                       (abs)        000286
_RF0PPS                                       (abs)        000229
_RF7PPS                                       (abs)        000230
_SLRCONA                                      (abs)        000403
_SLRCONB                                      (abs)        00040B
_SLRCONC                                      (abs)        000413
_SLRCOND                                      (abs)        00041B
_SLRCONE                                      (abs)        000423
_SLRCONF                                      (abs)        00042B
_SYSTEM_Initialize                            text13       0053AC
_T2CLKCON                                     (abs)        000326
_T2CON                                        (abs)        000324
_T2CONbits                                    (abs)        000324
_T2HLT                                        (abs)        000325
_T2HLTbits                                    (abs)        000325
_T2PR                                         (abs)        000323
_T2RST                                        (abs)        000327
_T2RSTbits                                    (abs)        000327
_T2TMR                                        (abs)        000322
_TMR2                                         (abs)        000322
_TMR2_Initialize                              text19       005410
_TRISA                                        (abs)        0004C6
_TRISB                                        (abs)        0004C7
_TRISC                                        (abs)        0004C8
_TRISD                                        (abs)        0004C9
_TRISE                                        (abs)        0004CA
_TRISF                                        (abs)        0004CB
_U1BRGH                                       (abs)        0002AF
_U1BRGL                                       (abs)        0002AE
_U1CON0                                       (abs)        0002AB
_U1CON0bits                                   (abs)        0002AB
_U1CON1                                       (abs)        0002AC
_U1CON2                                       (abs)        0002AD
_U1ERRIE                                      (abs)        0002B3
_U1ERRIR                                      (abs)        0002B2
_U1ERRIRbits                                  (abs)        0002B2
_U1FIFO                                       (abs)        0002B0
_U1P1H                                        (abs)        0002A6
_U1P1L                                        (abs)        0002A5
_U1P2H                                        (abs)        0002A8
_U1P2L                                        (abs)        0002A7
_U1P3H                                        (abs)        0002AA
_U1P3L                                        (abs)        0002A9
_U1RXB                                        (abs)        0002A1
_U1RXPPS                                      (abs)        000272
_U1TXB                                        (abs)        0002A3
_U1UIR                                        (abs)        0002B1
_UART1_DefaultErrorHandler                    text49       0054D2
_UART1_DefaultFramingErrorHandler             text48       0054DE
_UART1_DefaultOverrunErrorHandler             text47       0054DC
_UART1_ErrorHandler                           nvBANK5      0005DB
_UART1_FramingErrorHandler                    nvBANK5      0005E1
_UART1_Initialize                             text14       004D66
_UART1_OverrunErrorHandler                    nvBANK5      0005DE
_UART1_Receive_ISR                            text46       004B48
_UART1_RxDataHandler                          text50       0052E4
_UART1_RxInterruptHandler                     nvCOMRAM     000559
_UART1_SetErrorHandler                        text18       0054C4
_UART1_SetFramingErrorHandler                 text17       0054B6
_UART1_SetOverrunErrorHandler                 text16       0054A8
_UART1_SetRxInterruptHandler                  text15       00549A
_UART1_Write                                  text10       005448
_WPUA                                         (abs)        000401
_WPUB                                         (abs)        000409
_WPUC                                         (abs)        000411
_WPUD                                         (abs)        000419
_WPUE                                         (abs)        000421
_WPUF                                         (abs)        000429
__HRAM                                        (abs)        000000
__Habs1                                       abs1         000000
__Hbank10                                     bank10       000000
__Hbank11                                     bank11       000000
__Hbank12                                     bank12       000000
__Hbank13                                     bank13       000000
__Hbank14                                     bank14       000000
__Hbank15                                     bank15       000000
__Hbank16                                     bank16       000000
__Hbank17                                     bank17       000000
__Hbank18                                     bank18       000000
__Hbank19                                     bank19       000000
__Hbank20                                     bank20       000000
__Hbank21                                     bank21       000000
__Hbank22                                     bank22       000000
__Hbank23                                     bank23       000000
__Hbank24                                     bank24       000000
__Hbank25                                     bank25       000000
__Hbank26                                     bank26       000000
__Hbank27                                     bank27       000000
__Hbank28                                     bank28       000000
__Hbank29                                     bank29       000000
__Hbank30                                     bank30       000000
__Hbank31                                     bank31       000000
__Hbank32                                     bank32       000000
__Hbank33                                     bank33       000000
__Hbank34                                     bank34       000000
__Hbank35                                     bank35       000000
__Hbank36                                     bank36       000000
__Hbank37                                     bank37       000000
__Hbank5                                      bank5        000000
__Hbank6                                      bank6        000000
__Hbank7                                      bank7        000000
__Hbank8                                      bank8        000000
__Hbank9                                      bank9        000000
__Hbigbss                                     bigbss       000000
__Hbigdata                                    bigdata      000000
__Hbigram                                     bigram       000000
__Hbss                                        bss          000000
__HbssBANK5                                   bssBANK5     000000
__HbssBANK6                                   bssBANK6     000000
__HbssCOMRAM                                  bssCOMRAM    000000
__Hcinit                                      cinit        000000
__Hclrtext                                    clrtext      000000
__Hcomram                                     comram       000000
__Hconfig                                     config       30000A
__Hconst                                      const        000000
__HcstackBANK5                                cstackBANK5  000000
__HcstackCOMRAM                               cstackCOMRAM 000000
__Hdata                                       data         000000
__Heeprom_data                                eeprom_data  000000
__Hfarbss                                     farbss       000000
__Hfardata                                    fardata      000000
__Hibigdata                                   ibigdata     000000
__Hidata                                      idata        000000
__Hidloc                                      idloc        200020
__Hifardata                                   ifardata     000000
__Hinit                                       init         00001E
__Hintsave_regs                               intsave_regs 000000
__Hirdata                                     irdata       000000
__Hivt0x8                                     ivt0x8       00001A
__Hmediumconst                                mediumconst  000000
__HnvBANK5                                    nvBANK5      000000
__HnvCOMRAM                                   nvCOMRAM     000000
__HnvFARRAM                                   nvFARRAM     000000
__Hnvbit                                      nvbit        000000
__Hnvrram                                     nvrram       000000
__Hparam                                      rparam       000000
__Hpowerup                                    powerup      000000
__Hram                                        ram          000000
__Hramtop                                     ramtop       002600
__Hrbit                                       rbit         000000
__Hrbss                                       rbss         000000
__Hrdata                                      rdata        000000
__Hreset_vec                                  reset_vec    000004
__Hrparam                                     rparam       000000
__Hsfr                                        sfr          000000
__Hsmallconst                                 smallconst   002624
__Hspace_0                                    (abs)        0054E0
__Hspace_1                                    (abs)        000684
__Hspace_2                                    (abs)        000000
__Hspace_4                                    (abs)        60000A
__Hstack                                      stack        000000
__Hstruct                                     struct       000000
__Htemp                                       temp         000000
__Htext                                       text         000000
__Htext0                                      text0        000000
__Htext1                                      text1        000000
__Htext10                                     text10       000000
__Htext11                                     text11       000000
__Htext12                                     text12       000000
__Htext13                                     text13       000000
__Htext14                                     text14       000000
__Htext15                                     text15       000000
__Htext16                                     text16       000000
__Htext17                                     text17       000000
__Htext18                                     text18       000000
__Htext19                                     text19       000000
__Htext2                                      text2        000000
__Htext20                                     text20       000000
__Htext21                                     text21       000000
__Htext22                                     text22       000000
__Htext23                                     text23       000000
__Htext24                                     text24       000000
__Htext25                                     text25       000000
__Htext26                                     text26       000000
__Htext27                                     text27       000000
__Htext28                                     text28       000000
__Htext29                                     text29       000000
__Htext3                                      text3        000000
__Htext30                                     text30       000000
__Htext31                                     text31       000000
__Htext32                                     text32       000000
__Htext33                                     text33       000000
__Htext34                                     text34       000000
__Htext35                                     text35       000000
__Htext36                                     text36       000000
__Htext37                                     text37       000000
__Htext38                                     text38       000000
__Htext39                                     text39       000000
__Htext4                                      text4        000000
__Htext40                                     text40       000000
__Htext41                                     text41       000000
__Htext42                                     text42       000000
__Htext43                                     text43       000000
__Htext44                                     text44       000000
__Htext45                                     text45       000000
__Htext46                                     text46       000000
__Htext47                                     text47       000000
__Htext48                                     text48       000000
__Htext49                                     text49       000000
__Htext5                                      text5        000000
__Htext50                                     text50       000000
__Htext51                                     text51       000000
__Htext52                                     text52       000000
__Htext6                                      text6        000000
__Htext7                                      text7        000000
__Htext8                                      text8        000000
__Htext9                                      text9        000000
__LRAM                                        (abs)        000001
__Labs1                                       abs1         000000
__Lbank10                                     bank10       000000
__Lbank11                                     bank11       000000
__Lbank12                                     bank12       000000
__Lbank13                                     bank13       000000
__Lbank14                                     bank14       000000
__Lbank15                                     bank15       000000
__Lbank16                                     bank16       000000
__Lbank17                                     bank17       000000
__Lbank18                                     bank18       000000
__Lbank19                                     bank19       000000
__Lbank20                                     bank20       000000
__Lbank21                                     bank21       000000
__Lbank22                                     bank22       000000
__Lbank23                                     bank23       000000
__Lbank24                                     bank24       000000
__Lbank25                                     bank25       000000
__Lbank26                                     bank26       000000
__Lbank27                                     bank27       000000
__Lbank28                                     bank28       000000
__Lbank29                                     bank29       000000
__Lbank30                                     bank30       000000
__Lbank31                                     bank31       000000
__Lbank32                                     bank32       000000
__Lbank33                                     bank33       000000
__Lbank34                                     bank34       000000
__Lbank35                                     bank35       000000
__Lbank36                                     bank36       000000
__Lbank37                                     bank37       000000
__Lbank5                                      bank5        000000
__Lbank6                                      bank6        000000
__Lbank7                                      bank7        000000
__Lbank8                                      bank8        000000
__Lbank9                                      bank9        000000
__Lbigbss                                     bigbss       000000
__Lbigdata                                    bigdata      000000
__Lbigram                                     bigram       000000
__Lbss                                        bss          000000
__LbssBANK5                                   bssBANK5     000000
__LbssBANK6                                   bssBANK6     000000
__LbssCOMRAM                                  bssCOMRAM    000000
__Lcinit                                      cinit        000000
__Lclrtext                                    clrtext      000000
__Lcomram                                     comram       000000
__Lconfig                                     config       000000
__Lconst                                      const        000000
__LcstackBANK5                                cstackBANK5  000000
__LcstackCOMRAM                               cstackCOMRAM 000000
__Ldata                                       data         000000
__Leeprom_data                                eeprom_data  000000
__Lfarbss                                     farbss       000000
__Lfardata                                    fardata      000000
__Libigdata                                   ibigdata     000000
__Lidata                                      idata        000000
__Lidloc                                      idloc        000000
__Lifardata                                   ifardata     000000
__Linit                                       init         00001A
__Lintsave_regs                               intsave_regs 000000
__Lirdata                                     irdata       000000
__Livt0x8                                     ivt0x8       000008
__Lmediumconst                                mediumconst  000000
__LnvBANK5                                    nvBANK5      000000
__LnvCOMRAM                                   nvCOMRAM     000000
__LnvFARRAM                                   nvFARRAM     000000
__Lnvbit                                      nvbit        000000
__Lnvrram                                     nvrram       000000
__Lparam                                      rparam       000000
__Lpowerup                                    powerup      000000
__Lram                                        ram          000000
__Lramtop                                     ramtop       002600
__Lrbit                                       rbit         000000
__Lrbss                                       rbss         000000
__Lrdata                                      rdata        000000
__Lreset_vec                                  reset_vec    000000
__Lrparam                                     rparam       000000
__Lsfr                                        sfr          000000
__Lsmallconst                                 smallconst   002600
__Lspace_0                                    (abs)        000000
__Lspace_1                                    (abs)        000000
__Lspace_2                                    (abs)        000000
__Lspace_4                                    (abs)        000000
__Lstack                                      stack        000000
__Lstruct                                     struct       000000
__Ltemp                                       temp         000000
__Ltext                                       text         000000
__Ltext0                                      text0        000000
__Ltext1                                      text1        000000
__Ltext10                                     text10       000000
__Ltext11                                     text11       000000
__Ltext12                                     text12       000000
__Ltext13                                     text13       000000
__Ltext14                                     text14       000000
__Ltext15                                     text15       000000
__Ltext16                                     text16       000000
__Ltext17                                     text17       000000
__Ltext18                                     text18       000000
__Ltext19                                     text19       000000
__Ltext2                                      text2        000000
__Ltext20                                     text20       000000
__Ltext21                                     text21       000000
__Ltext22                                     text22       000000
__Ltext23                                     text23       000000
__Ltext24                                     text24       000000
__Ltext25                                     text25       000000
__Ltext26                                     text26       000000
__Ltext27                                     text27       000000
__Ltext28                                     text28       000000
__Ltext29                                     text29       000000
__Ltext3                                      text3        000000
__Ltext30                                     text30       000000
__Ltext31                                     text31       000000
__Ltext32                                     text32       000000
__Ltext33                                     text33       000000
__Ltext34                                     text34       000000
__Ltext35                                     text35       000000
__Ltext36                                     text36       000000
__Ltext37                                     text37       000000
__Ltext38                                     text38       000000
__Ltext39                                     text39       000000
__Ltext4                                      text4        000000
__Ltext40                                     text40       000000
__Ltext41                                     text41       000000
__Ltext42                                     text42       000000
__Ltext43                                     text43       000000
__Ltext44                                     text44       000000
__Ltext45                                     text45       000000
__Ltext46                                     text46       000000
__Ltext47                                     text47       000000
__Ltext48                                     text48       000000
__Ltext49                                     text49       000000
__Ltext5                                      text5        000000
__Ltext50                                     text50       000000
__Ltext51                                     text51       000000
__Ltext52                                     text52       000000
__Ltext6                                      text6        000000
__Ltext7                                      text7        000000
__Ltext8                                      text8        000000
__Ltext9                                      text9        000000
__S0                                          (abs)        0054E0
__S1                                          (abs)        000684
__S2                                          (abs)        000000
__S4                                          (abs)        000000
__S5                                          (abs)        000000
___fldiv                                      text44       003C4C
___fldiv@a                                    cstackCOMRAM 000505
___fldiv@aexp                                 cstackCOMRAM 000519
___fldiv@b                                    cstackCOMRAM 000501
___fldiv@bexp                                 cstackCOMRAM 000518
___fldiv@grs                                  cstackCOMRAM 000514
___fldiv@new_exp                              cstackCOMRAM 000512
___fldiv@rem                                  cstackCOMRAM 00050D
___fldiv@sign                                 cstackCOMRAM 000511
___fleq                                       text43       004CBC
___fleq@ff1                                   cstackCOMRAM 000501
___fleq@ff2                                   cstackCOMRAM 000505
___flge                                       text42       0047B6
___flge@ff1                                   cstackCOMRAM 000501
___flge@ff2                                   cstackCOMRAM 000505
___flmul                                      text41       0037FE
___flmul@a                                    cstackCOMRAM 000505
___flmul@aexp                                 cstackCOMRAM 000512
___flmul@b                                    cstackCOMRAM 000501
___flmul@bexp                                 cstackCOMRAM 000513
___flmul@grs                                  cstackCOMRAM 00050E
___flmul@prod                                 cstackCOMRAM 000514
___flmul@sign                                 cstackCOMRAM 00050D
___flmul@temp                                 cstackCOMRAM 000518
___flneg                                      text40       00527A
___flneg@f1                                   cstackCOMRAM 000501
___fltol                                      text45       0046B0
___fltol@exp1                                 cstackCOMRAM 00054D
___fltol@f1                                   cstackCOMRAM 000544
___fltol@sign1                                cstackCOMRAM 00054C
___inthi_sp                                   stack        000000
___intlo_sp                                   stack        000000
___lmul                                       text39       004F76
___lmul@multiplicand                          cstackCOMRAM 000505
___lmul@multiplier                            cstackCOMRAM 000501
___lmul@product                               cstackCOMRAM 000509
___lodiv                                      text12       0048BA
___lodiv@counter                              cstackBANK5  000578
___lodiv@dividend                             cstackBANK5  000560
___lodiv@divisor                              cstackBANK5  000568
___lodiv@quotient                             cstackBANK5  000570
___lomod                                      text11       0049AC
___lomod@counter                              cstackBANK5  000570
___lomod@dividend                             cstackBANK5  000560
___lomod@divisor                              cstackBANK5  000568
___param_bank                                 (abs)        000000
___rparam_used                                (abs)        000001
___sp                                         stack        000000
___wmul                                       text38       005310
___wmul@multiplicand                          cstackCOMRAM 000503
___wmul@multiplier                            cstackCOMRAM 000501
___wmul@product                               cstackCOMRAM 000505
___xxtofl                                     text37       0043C6
___xxtofl@arg                                 cstackCOMRAM 00050B
___xxtofl@exp                                 cstackCOMRAM 00050A
___xxtofl@sign                                cstackCOMRAM 000509
___xxtofl@val                                 cstackCOMRAM 000501
__accesstop                                   (abs)        000560
__activetblptr                                (abs)        000003
__end_of_ADCC_GetConversionResult             text27       005410
__end_of_ADCC_Initialize                      text25       0050FA
__end_of_ADCC_StartConversion                 text26       00548C
__end_of_INTERRUPT_Initialize                 text24       0054DC
__end_of_INTERRUPT_InterruptManager           text28       0046B0
__end_of_OSCILLATOR_Initialize                text23       005448
__end_of_PIN_MANAGER_Initialize               text22       004CBC
__end_of_PMD_Initialize                       text21       0053AC
__end_of_PWM1_Initialize                      text20       00547A
__end_of_PWM1_LoadDutyValue                   text51       0052E4
__end_of_SYSTEM_Initialize                    text13       0053CE
__end_of_TMR2_Initialize                      text19       00542C
__end_of_UART1_DefaultErrorHandler            text49       0054D8
__end_of_UART1_DefaultFramingErrorHandler     text48       0054E0
__end_of_UART1_DefaultOverrunErrorHandler     text47       0054DE
__end_of_UART1_Initialize                     text14       004E04
__end_of_UART1_Receive_ISR                    text46       004C10
__end_of_UART1_RxDataHandler                  text50       005310
__end_of_UART1_SetErrorHandler                text18       0054D2
__end_of_UART1_SetFramingErrorHandler         text17       0054C4
__end_of_UART1_SetOverrunErrorHandler         text16       0054B6
__end_of_UART1_SetRxInterruptHandler          text15       0054A8
__end_of_UART1_Write                          text10       005462
__end_of___fldiv                              text44       003FE6
__end_of___fleq                               text43       004D66
__end_of___flge                               text42       0048BA
__end_of___flmul                              text41       003C4C
__end_of___flneg                              text40       0052B2
__end_of___fltol                              text45       0047B6
__end_of___lmul                               text39       004FE0
__end_of___lodiv                              text12       0049AC
__end_of___lomod                              text11       004A7E
__end_of___wmul                               text38       00533A
__end_of___xxtofl                             text37       00457A
__end_of__initialization                      cinit        005204
__end_of_atof                                 text29       005388
__end_of_fputc                                text8        004E9C
__end_of_fputs                                text7        005194
__end_of_isdigit                              text36       00527A
__end_of_islower                              text32       005242
__end_of_isspace                              text35       00514C
__end_of_isxdigit                             text34       004F0C
__end_of_main                                 text0        005040
__end_of_nanf                                 text33       0053F0
__end_of_pad                                  text5        004B48
__end_of_printf                               text1        005362
__end_of_putch                                text9        00549A
__end_of_strlen                               text6        0051D2
__end_of_strtof                               text30       0037FE
__end_of_toupper                              text31       00509E
__end_of_utoa                                 text4        0041EC
__end_of_vfpfcnvrt                            text3        0043C6
__end_of_vfprintf                             text2        004F76
__initialization                              cinit        0051D2
__mediumconst                                 mediumconst  000000
__pbssBANK5                                   bssBANK5     0005C1
__pbssBANK6                                   bssBANK6     000600
__pbssCOMRAM                                  bssCOMRAM    000552
__pcinit                                      cinit        0051D2
__pcstackBANK5                                cstackBANK5  000560
__pcstackCOMRAM                               cstackCOMRAM 000501
__pivt0x8                                     ivt0x8       000008
__pnvBANK5                                    nvBANK5      0005DB
__pnvCOMRAM                                   nvCOMRAM     000559
__psmallconst                                 smallconst   002600
__ptext0                                      text0        004FE0
__ptext1                                      text1        00533A
__ptext10                                     text10       005448
__ptext11                                     text11       0049AC
__ptext12                                     text12       0048BA
__ptext13                                     text13       0053AC
__ptext14                                     text14       004D66
__ptext15                                     text15       00549A
__ptext16                                     text16       0054A8
__ptext17                                     text17       0054B6
__ptext18                                     text18       0054C4
__ptext19                                     text19       005410
__ptext2                                      text2        004F0C
__ptext20                                     text20       005462
__ptext21                                     text21       005388
__ptext22                                     text22       004C10
__ptext23                                     text23       00542C
__ptext24                                     text24       0054D8
__ptext25                                     text25       00509E
__ptext26                                     text26       00547A
__ptext27                                     text27       0053F0
__ptext28                                     text28       00457A
__ptext29                                     text29       005362
__ptext3                                      text3        0041EC
__ptext30                                     text30       002624
__ptext31                                     text31       005040
__ptext32                                     text32       00520A
__ptext33                                     text33       0053CE
__ptext34                                     text34       004E9C
__ptext35                                     text35       0050FA
__ptext36                                     text36       005242
__ptext37                                     text37       0043C6
__ptext38                                     text38       005310
__ptext39                                     text39       004F76
__ptext4                                      text4        003FE6
__ptext40                                     text40       00527A
__ptext41                                     text41       0037FE
__ptext42                                     text42       0047B6
__ptext43                                     text43       004CBC
__ptext44                                     text44       003C4C
__ptext45                                     text45       0046B0
__ptext46                                     text46       004B48
__ptext47                                     text47       0054DC
__ptext48                                     text48       0054DE
__ptext49                                     text49       0054D2
__ptext5                                      text5        004A7E
__ptext50                                     text50       0052E4
__ptext51                                     text51       0052B2
__ptext52                                     text52       000000
__ptext6                                      text6        005194
__ptext7                                      text7        00514C
__ptext8                                      text8        004E04
__ptext9                                      text9        00548C
__ramtop                                      ramtop       002600
__size_of_ADCC_GetConversionResult            (abs)        000000
__size_of_ADCC_Initialize                     (abs)        000000
__size_of_ADCC_StartConversion                (abs)        000000
__size_of_INTERRUPT_Initialize                (abs)        000000
__size_of_INTERRUPT_InterruptManager          (abs)        000000
__size_of_OSCILLATOR_Initialize               (abs)        000000
__size_of_PIN_MANAGER_Initialize              (abs)        000000
__size_of_PMD_Initialize                      (abs)        000000
__size_of_PWM1_Initialize                     (abs)        000000
__size_of_PWM1_LoadDutyValue                  (abs)        000000
__size_of_SYSTEM_Initialize                   (abs)        000000
__size_of_TMR2_Initialize                     (abs)        000000
__size_of_UART1_DefaultErrorHandler           (abs)        000000
__size_of_UART1_DefaultFramingErrorHandler    (abs)        000000
__size_of_UART1_DefaultOverrunErrorHandler    (abs)        000000
__size_of_UART1_Initialize                    (abs)        000000
__size_of_UART1_Receive_ISR                   (abs)        000000
__size_of_UART1_RxDataHandler                 (abs)        000000
__size_of_UART1_SetErrorHandler               (abs)        000000
__size_of_UART1_SetFramingErrorHandler        (abs)        000000
__size_of_UART1_SetOverrunErrorHandler        (abs)        000000
__size_of_UART1_SetRxInterruptHandler         (abs)        000000
__size_of_UART1_Write                         (abs)        000000
__size_of___fldiv                             (abs)        000000
__size_of___fleq                              (abs)        000000
__size_of___flge                              (abs)        000000
__size_of___flmul                             (abs)        000000
__size_of___flneg                             (abs)        000000
__size_of___fltol                             (abs)        000000
__size_of___lmul                              (abs)        000000
__size_of___lodiv                             (abs)        000000
__size_of___lomod                             (abs)        000000
__size_of___wmul                              (abs)        000000
__size_of___xxtofl                            (abs)        000000
__size_of_atof                                (abs)        000000
__size_of_fputc                               (abs)        000000
__size_of_fputs                               (abs)        000000
__size_of_isdigit                             (abs)        000000
__size_of_islower                             (abs)        000000
__size_of_isspace                             (abs)        000000
__size_of_isxdigit                            (abs)        000000
__size_of_main                                (abs)        000000
__size_of_nanf                                (abs)        000000
__size_of_pad                                 (abs)        000000
__size_of_printf                              (abs)        000000
__size_of_putch                               (abs)        000000
__size_of_strlen                              (abs)        000000
__size_of_strtof                              (abs)        000000
__size_of_toupper                             (abs)        000000
__size_of_utoa                                (abs)        000000
__size_of_vfpfcnvrt                           (abs)        000000
__size_of_vfprintf                            (abs)        000000
__smallconst                                  smallconst   002600
_atof                                         text29       005362
_buffer_rx                                    bssBANK6     000600
_dato_Rx                                      bssCOMRAM    000556
_dbuf                                         bssBANK6     000664
_duty_cicle                                   bssCOMRAM    000552
_flags                                        bssBANK5     0005D7
_fputc                                        text8        004E04
_fputs                                        text7        00514C
_i                                            bssCOMRAM    000554
_isdigit                                      text36       005242
_islower                                      text32       00520A
_isspace                                      text35       0050FA
_isspace$1989                                 cstackCOMRAM 000507
_isxdigit                                     text34       004E9C
_isxdigit$2000                                cstackCOMRAM 000507
_main                                         text0        004FE0
_nanf                                         text33       0053CE
_nout                                         bssBANK5     0005D1
_pad                                          text5        004A7E
_prec                                         bssBANK5     0005D5
_printf                                       text1        00533A
_putch                                        text9        00548C
_strlen                                       text6        005194
_strtof                                       text30       002624
_strtof$1943                                  cstackCOMRAM 000524
_strtof$1944                                  cstackCOMRAM 000534
_strtof$1954                                  cstackCOMRAM 000526
_strtof$1955                                  cstackCOMRAM 000528
_strtof$1956                                  cstackCOMRAM 00052A
_strtof$1957                                  cstackCOMRAM 00052C
_strtof$1958                                  cstackCOMRAM 00052E
_strtof$1959                                  cstackCOMRAM 000530
_strtof$1960                                  cstackCOMRAM 000532
_toupper                                      text31       005040
_toupper$2023                                 cstackCOMRAM 00050D
_uart1RxBuffer                                bssBANK5     0005C9
_uart1RxCount                                 bssCOMRAM    000557
_uart1RxHead                                  bssBANK5     0005DA
_uart1RxLastError                             bssBANK5     0005D9
_uart1RxStatusBuffer                          bssBANK5     0005C1
_uart1RxTail                                  bssCOMRAM    000558
_utoa                                         text4        003FE6
_vfpfcnvrt                                    text3        0041EC
_vfprintf                                     text2        004F0C
_width                                        bssBANK5     0005D3
atof@s                                        cstackCOMRAM 000540
end_of_initialization                         cinit        005204
fputc@c                                       cstackBANK5  000562
fputc@fp                                      cstackBANK5  000564
fputs@c                                       cstackBANK5  00056F
fputs@fp                                      cstackBANK5  00056D
fputs@i                                       cstackBANK5  000570
fputs@s                                       cstackBANK5  00056B
intlevel0                                     text         000000
intlevel1                                     text         000000
intlevel2                                     text         000000
intlevel3                                     text         000000
isa$std                                       (abs)        000001
isa$xinst                                     (abs)        000000
isdigit@c                                     cstackCOMRAM 000501
islower@c                                     cstackCOMRAM 000501
isspace@c                                     cstackCOMRAM 000501
isxdigit@c                                    cstackCOMRAM 000501
ivt0x8_base                                   ivt0x8       000008
main@dato                                     cstackBANK5  0005BF
nanf@s                                        cstackCOMRAM 000501
nanf@u                                        cstackCOMRAM 000505
pad@buf                                       cstackBANK5  000574
pad@fp                                        cstackBANK5  000572
pad@i                                         cstackBANK5  000579
pad@p                                         cstackBANK5  000576
pad@w                                         cstackBANK5  00057B
printf@ap                                     cstackBANK5  0005BB
printf@fmt                                    cstackBANK5  0005B7
putch@txData                                  cstackBANK5  000561
stackhi                                       (abs)        0025FF
stacklo                                       (abs)        000684
start                                         init         00001A
start_initialization                          cinit        0051D2
strlen@a                                      cstackBANK5  000562
strlen@s                                      cstackBANK5  000560
strtof@_u                                     cstackCOMRAM 00053B
strtof@digit                                  cstackCOMRAM 000535
strtof@eexp                                   cstackCOMRAM 000539
strtof@expon                                  cstackCOMRAM 000537
strtof@flags                                  cstackCOMRAM 000536
strtof@i                                      cstackCOMRAM 00053F
strtof@res                                    cstackCOMRAM 00051C
strtof@s                                      cstackCOMRAM 00051A
toupper@c                                     cstackCOMRAM 000507
utoa@d                                        cstackBANK5  00057F
utoa@fp                                       cstackBANK5  00057D
utoa@i                                        cstackBANK5  00059B
utoa@n                                        cstackBANK5  000593
utoa@p                                        cstackBANK5  00058F
utoa@w                                        cstackBANK5  000591
vfpfcnvrt@ap                                  cstackBANK5  0005A1
vfpfcnvrt@fmt                                 cstackBANK5  00059F
vfpfcnvrt@fp                                  cstackBANK5  00059D
vfpfcnvrt@llu                                 cstackBANK5  0005A7
vfprintf@ap                                   cstackBANK5  0005B3
vfprintf@cfmt                                 cstackBANK5  0005B5
vfprintf@fmt                                  cstackBANK5  0005B1
vfprintf@fp                                   cstackBANK5  0005AF


MODULE INFORMATION

Module		Function		Class		Link	Load	Size
C:\Program Files\Microchip\xc8\v2.32\pic\sources\c99\common\isxdigit.c
		_isxdigit      		CODE           	4E9C	0000	112

C:\Program Files\Microchip\xc8\v2.32\pic\sources\c99\common\isxdigit.c estimated size: 112

C:\Program Files\Microchip\xc8\v2.32\pic\sources\c99\common\isdigit.c
		_isdigit       		CODE           	5242	0000	56

C:\Program Files\Microchip\xc8\v2.32\pic\sources\c99\common\isdigit.c estimated size: 56

C:\Program Files\Microchip\xc8\v2.32\pic\sources\c99\common\doprnt.c
		_vfpfcnvrt     		CODE           	41EC	0000	474
		_pad           		CODE           	4A7E	0000	202
		_vfprintf      		CODE           	4F0C	0000	106
		_utoa          		CODE           	3FE6	0000	518

C:\Program Files\Microchip\xc8\v2.32\pic\sources\c99\common\doprnt.c estimated size: 1300

C:\Program Files\Microchip\xc8\v2.32\pic\sources\c99\common\flneg.c
		___flneg       		CODE           	527A	0000	56

C:\Program Files\Microchip\xc8\v2.32\pic\sources\c99\common\flneg.c estimated size: 56

mcc_generated_files/tmr2.c
		_TMR2_Initialize		CODE           	5410	0000	28

mcc_generated_files/tmr2.c estimated size: 28

mcc_generated_files/interrupt_manager.c
		_INTERRUPT_Initialize		CODE           	54D8	0000	4
		_INTERRUPT_InterruptManager		CODE           	457A	0000	310

mcc_generated_files/interrupt_manager.c estimated size: 314

C:\Program Files\Microchip\xc8\v2.32\pic\sources\c99\common\nanf.c
		_nanf          		CODE           	53CE	0000	34

C:\Program Files\Microchip\xc8\v2.32\pic\sources\c99\common\nanf.c estimated size: 34

C:\Program Files\Microchip\xc8\v2.32\pic\sources\c99\common\strtof.c
		_atof          		CODE           	5362	0000	38
		_strtof        		CODE           	2624	0000	4570

C:\Program Files\Microchip\xc8\v2.32\pic\sources\c99\common\strtof.c estimated size: 4608

C:\Program Files\Microchip\xc8\v2.32\pic\sources\c99\common\lomod.c
		___lomod       		CODE           	49AC	0000	210

C:\Program Files\Microchip\xc8\v2.32\pic\sources\c99\common\lomod.c estimated size: 210

mcc_generated_files/pin_manager.c
		_PIN_MANAGER_Initialize		CODE           	4C10	0000	172

mcc_generated_files/pin_manager.c estimated size: 172

C:\Program Files\Microchip\xc8\v2.32\pic\sources\c99\common\nf_fputs.c
		_fputs         		CODE           	514C	0000	72

C:\Program Files\Microchip\xc8\v2.32\pic\sources\c99\common\nf_fputs.c estimated size: 72

C:\Program Files\Microchip\xc8\v2.32\pic\sources\c99\common\fleq.c
		___fleq        		CODE           	4CBC	0000	170

C:\Program Files\Microchip\xc8\v2.32\pic\sources\c99\common\fleq.c estimated size: 170

C:\Program Files\Microchip\xc8\v2.32\pic\sources\c99\common\Umul16.c
		___wmul        		CODE           	5310	0000	42

C:\Program Files\Microchip\xc8\v2.32\pic\sources\c99\common\Umul16.c estimated size: 42

C:\Program Files\Microchip\xc8\v2.32\pic\sources\c99\common\isspace.c
		_isspace       		CODE           	50FA	0000	82

C:\Program Files\Microchip\xc8\v2.32\pic\sources\c99\common\isspace.c estimated size: 82

mcc_generated_files/uart1.c
		_UART1_Write   		CODE           	5448	0000	26
		_putch         		CODE           	548C	0000	14
		_UART1_SetFramingErrorHandler		CODE           	54B6	0000	14
		_UART1_SetOverrunErrorHandler		CODE           	54A8	0000	14
		_UART1_Receive_ISR		CODE           	4B48	0000	200
		_UART1_SetRxInterruptHandler		CODE           	549A	0000	14
		_UART1_Initialize		CODE           	4D66	0000	158
		_UART1_SetErrorHandler		CODE           	54C4	0000	14
		_UART1_DefaultFramingErrorHandler		CODE           	54DE	0000	2
		_UART1_DefaultErrorHandler		CODE           	54D2	0000	6
		_UART1_RxDataHandler		CODE           	52E4	0000	44
		_UART1_DefaultOverrunErrorHandler		CODE           	54DC	0000	2

mcc_generated_files/uart1.c estimated size: 508

C:\Program Files\Microchip\xc8\v2.32\pic\sources\c99\common\islower.c
		_islower       		CODE           	520A	0000	56

C:\Program Files\Microchip\xc8\v2.32\pic\sources\c99\common\islower.c estimated size: 56

C:\Program Files\Microchip\xc8\v2.32\pic\sources\c99\common\lodiv.c
		___lodiv       		CODE           	48BA	0000	242

C:\Program Files\Microchip\xc8\v2.32\pic\sources\c99\common\lodiv.c estimated size: 242

shared
		__initialization		CODE           	51D2	0000	50

shared estimated size: 50

C:\Program Files\Microchip\xc8\v2.32\pic\sources\c99\common\sprcmul.c
		___flmul       		CODE           	37FE	0000	1102

C:\Program Files\Microchip\xc8\v2.32\pic\sources\c99\common\sprcmul.c estimated size: 1102

mcc_generated_files/mcc.c
		_PMD_Initialize		CODE           	5388	0000	36
		_OSCILLATOR_Initialize		CODE           	542C	0000	28
		_SYSTEM_Initialize		CODE           	53AC	0000	34

mcc_generated_files/mcc.c estimated size: 98

C:\Program Files\Microchip\xc8\v2.32\pic\sources\c99\common\sprcdiv.c
		___fldiv       		CODE           	3C4C	0000	922

C:\Program Files\Microchip\xc8\v2.32\pic\sources\c99\common\sprcdiv.c estimated size: 922

C:\Program Files\Microchip\xc8\v2.32\pic\sources\c99\common\toupper.c
		_toupper       		CODE           	5040	0000	94

C:\Program Files\Microchip\xc8\v2.32\pic\sources\c99\common\toupper.c estimated size: 94

mcc_generated_files/pwm1.c
		_PWM1_Initialize		CODE           	5462	0000	24
		_PWM1_LoadDutyValue		CODE           	52B2	0000	50

mcc_generated_files/pwm1.c estimated size: 74

C:\Program Files\Microchip\xc8\v2.32\pic\sources\c99\common\Umul32.c
		___lmul        		CODE           	4F76	0000	106

C:\Program Files\Microchip\xc8\v2.32\pic\sources\c99\common\Umul32.c estimated size: 106

C:\Program Files\Microchip\xc8\v2.32\pic\sources\c99\common\fltol.c
		___fltol       		CODE           	46B0	0000	262

C:\Program Files\Microchip\xc8\v2.32\pic\sources\c99\common\fltol.c estimated size: 262

C:\Program Files\Microchip\xc8\v2.32\pic\sources\c99\common\xxtofl.c
		___xxtofl      		CODE           	43C6	0000	436

C:\Program Files\Microchip\xc8\v2.32\pic\sources\c99\common\xxtofl.c estimated size: 436

C:\Program Files\Microchip\xc8\v2.32\pic\sources\c99\common\printf.c
		_printf        		CODE           	533A	0000	40

C:\Program Files\Microchip\xc8\v2.32\pic\sources\c99\common\printf.c estimated size: 40

C:\Program Files\Microchip\xc8\v2.32\pic\sources\c99\common\nf_fputc.c
		_fputc         		CODE           	4E04	0000	152

C:\Program Files\Microchip\xc8\v2.32\pic\sources\c99\common\nf_fputc.c estimated size: 152

mcc_generated_files/adcc.c
		_ADCC_GetConversionResult		CODE           	53F0	0000	32
		_ADCC_StartConversion		CODE           	547A	0000	18
		_ADCC_Initialize		CODE           	509E	0000	92

mcc_generated_files/adcc.c estimated size: 142

main.c
		_main          		CODE           	4FE0	0000	96

main.c estimated size: 96

C:\Program Files\Microchip\xc8\v2.32\pic\sources\c99\common\strlen.c
		_strlen        		CODE           	5194	0000	62

C:\Program Files\Microchip\xc8\v2.32\pic\sources\c99\common\strlen.c estimated size: 62

C:\Program Files\Microchip\xc8\v2.32\pic\sources\c99\common\flge.c
		___flge        		CODE           	47B6	0000	260

C:\Program Files\Microchip\xc8\v2.32\pic\sources\c99\common\flge.c estimated size: 260

